[2023-07-11 23:31:54]New log message
[2023-07-11 23:35:30]New log message
[2023-07-11 23:37:48]New log message
[2023-07-11 23:38:10]New log message
